###############################################################################
#
# IAR ELF Linker V8.30.1.114/W32 for ARM                  16/May/2020  14:18:58
# Copyright 2007-2018 IAR Systems AB.
#
#    Output file  =  
#        F:\信为产品\01 -
#        电容\SCap_Car(F3协议)\Project\Debug\Exe\CapSensor.out
#    Map file     =  
#        F:\信为产品\01 -
#        电容\SCap_Car(F3协议)\Project\Debug\List\CapSensor.map
#    Command line =  
#        -f C:\Users\李\AppData\Local\Temp\EWDE3A.tmp ("F:\信为产品\01 -
#        电容\SCap_Car(F3协议)\Project\Debug\Obj\algorithm.o"
#        "F:\信为产品\01 -
#        电容\SCap_Car(F3协议)\Project\Debug\Obj\AT24cxx.o"
#        "F:\信为产品\01 -
#        电容\SCap_Car(F3协议)\Project\Debug\Obj\bsp.o" "F:\信为产品\01
#        - 电容\SCap_Car(F3协议)\Project\Debug\Obj\bsp_int.o"
#        "F:\信为产品\01 -
#        电容\SCap_Car(F3协议)\Project\Debug\Obj\Capacitive.o"
#        "F:\信为产品\01 -
#        电容\SCap_Car(F3协议)\Project\Debug\Obj\cpu_a.o"
#        "F:\信为产品\01 -
#        电容\SCap_Car(F3协议)\Project\Debug\Obj\cpu_c.o"
#        "F:\信为产品\01 -
#        电容\SCap_Car(F3协议)\Project\Debug\Obj\cpu_core.o"
#        "F:\信为产品\01 -
#        电容\SCap_Car(F3协议)\Project\Debug\Obj\cstartup.o"
#        "F:\信为产品\01 -
#        电容\SCap_Car(F3协议)\Project\Debug\Obj\DA.o" "F:\信为产品\01
#        - 电容\SCap_Car(F3协议)\Project\Debug\Obj\Filter.o"
#        "F:\信为产品\01 -
#        电容\SCap_Car(F3协议)\Project\Debug\Obj\led.o" "F:\信为产品\01
#        - 电容\SCap_Car(F3协议)\Project\Debug\Obj\lib_ascii.o"
#        "F:\信为产品\01 -
#        电容\SCap_Car(F3协议)\Project\Debug\Obj\lib_math.o"
#        "F:\信为产品\01 -
#        电容\SCap_Car(F3协议)\Project\Debug\Obj\lib_mem.o"
#        "F:\信为产品\01 -
#        电容\SCap_Car(F3协议)\Project\Debug\Obj\lib_str.o"
#        "F:\信为产品\01 -
#        电容\SCap_Car(F3协议)\Project\Debug\Obj\main.o"
#        "F:\信为产品\01 -
#        电容\SCap_Car(F3协议)\Project\Debug\Obj\MEMS.o"
#        "F:\信为产品\01 -
#        电容\SCap_Car(F3协议)\Project\Debug\Obj\MMA8652.o"
#        "F:\信为产品\01 -
#        电容\SCap_Car(F3协议)\Project\Debug\Obj\modbus.o"
#        "F:\信为产品\01 -
#        电容\SCap_Car(F3协议)\Project\Debug\Obj\modbus_ascii.o"
#        "F:\信为产品\01 -
#        电容\SCap_Car(F3协议)\Project\Debug\Obj\nvic.o"
#        "F:\信为产品\01 -
#        电容\SCap_Car(F3协议)\Project\Debug\Obj\os_app_hooks.o"
#        "F:\信为产品\01 -
#        电容\SCap_Car(F3协议)\Project\Debug\Obj\os_cfg_app.o"
#        "F:\信为产品\01 -
#        电容\SCap_Car(F3协议)\Project\Debug\Obj\os_core.o"
#        "F:\信为产品\01 -
#        电容\SCap_Car(F3协议)\Project\Debug\Obj\os_cpu_a.o"
#        "F:\信为产品\01 -
#        电容\SCap_Car(F3协议)\Project\Debug\Obj\os_cpu_c.o"
#        "F:\信为产品\01 -
#        电容\SCap_Car(F3协议)\Project\Debug\Obj\os_dbg.o"
#        "F:\信为产品\01 -
#        电容\SCap_Car(F3协议)\Project\Debug\Obj\os_flag.o"
#        "F:\信为产品\01 -
#        电容\SCap_Car(F3协议)\Project\Debug\Obj\os_int.o"
#        "F:\信为产品\01 -
#        电容\SCap_Car(F3协议)\Project\Debug\Obj\os_mem.o"
#        "F:\信为产品\01 -
#        电容\SCap_Car(F3协议)\Project\Debug\Obj\os_msg.o"
#        "F:\信为产品\01 -
#        电容\SCap_Car(F3协议)\Project\Debug\Obj\os_mutex.o"
#        "F:\信为产品\01 -
#        电容\SCap_Car(F3协议)\Project\Debug\Obj\os_pend_multi.o"
#        "F:\信为产品\01 -
#        电容\SCap_Car(F3协议)\Project\Debug\Obj\os_prio.o"
#        "F:\信为产品\01 -
#        电容\SCap_Car(F3协议)\Project\Debug\Obj\os_q.o"
#        "F:\信为产品\01 -
#        电容\SCap_Car(F3协议)\Project\Debug\Obj\os_sem.o"
#        "F:\信为产品\01 -
#        电容\SCap_Car(F3协议)\Project\Debug\Obj\os_stat.o"
#        "F:\信为产品\01 -
#        电容\SCap_Car(F3协议)\Project\Debug\Obj\os_task.o"
#        "F:\信为产品\01 -
#        电容\SCap_Car(F3协议)\Project\Debug\Obj\os_tick.o"
#        "F:\信为产品\01 -
#        电容\SCap_Car(F3协议)\Project\Debug\Obj\os_time.o"
#        "F:\信为产品\01 -
#        电容\SCap_Car(F3协议)\Project\Debug\Obj\os_tmr.o"
#        "F:\信为产品\01 -
#        电容\SCap_Car(F3协议)\Project\Debug\Obj\os_var.o"
#        "F:\信为产品\01 -
#        电容\SCap_Car(F3协议)\Project\Debug\Obj\PCap.o"
#        "F:\信为产品\01 -
#        电容\SCap_Car(F3协议)\Project\Debug\Obj\SoftwareIIC.o"
#        "F:\信为产品\01 -
#        电容\SCap_Car(F3协议)\Project\Debug\Obj\stm32f0xx_adc.o"
#        "F:\信为产品\01 -
#        电容\SCap_Car(F3协议)\Project\Debug\Obj\stm32f0xx_can.o"
#        "F:\信为产品\01 -
#        电容\SCap_Car(F3协议)\Project\Debug\Obj\stm32f0xx_cec.o"
#        "F:\信为产品\01 -
#        电容\SCap_Car(F3协议)\Project\Debug\Obj\stm32f0xx_comp.o"
#        "F:\信为产品\01 -
#        电容\SCap_Car(F3协议)\Project\Debug\Obj\stm32f0xx_crc.o"
#        "F:\信为产品\01 -
#        电容\SCap_Car(F3协议)\Project\Debug\Obj\stm32f0xx_crs.o"
#        "F:\信为产品\01 -
#        电容\SCap_Car(F3协议)\Project\Debug\Obj\stm32f0xx_dac.o"
#        "F:\信为产品\01 -
#        电容\SCap_Car(F3协议)\Project\Debug\Obj\stm32f0xx_dbgmcu.o"
#        "F:\信为产品\01 -
#        电容\SCap_Car(F3协议)\Project\Debug\Obj\stm32f0xx_dma.o"
#        "F:\信为产品\01 -
#        电容\SCap_Car(F3协议)\Project\Debug\Obj\stm32f0xx_exti.o"
#        "F:\信为产品\01 -
#        电容\SCap_Car(F3协议)\Project\Debug\Obj\stm32f0xx_flash.o"
#        "F:\信为产品\01 -
#        电容\SCap_Car(F3协议)\Project\Debug\Obj\stm32f0xx_gpio.o"
#        "F:\信为产品\01 -
#        电容\SCap_Car(F3协议)\Project\Debug\Obj\stm32f0xx_i2c.o"
#        "F:\信为产品\01 -
#        电容\SCap_Car(F3协议)\Project\Debug\Obj\stm32f0xx_iwdg.o"
#        "F:\信为产品\01 -
#        电容\SCap_Car(F3协议)\Project\Debug\Obj\stm32f0xx_misc.o"
#        "F:\信为产品\01 -
#        电容\SCap_Car(F3协议)\Project\Debug\Obj\stm32f0xx_pwr.o"
#        "F:\信为产品\01 -
#        电容\SCap_Car(F3协议)\Project\Debug\Obj\stm32f0xx_rcc.o"
#        "F:\信为产品\01 -
#        电容\SCap_Car(F3协议)\Project\Debug\Obj\stm32f0xx_rtc.o"
#        "F:\信为产品\01 -
#        电容\SCap_Car(F3协议)\Project\Debug\Obj\stm32f0xx_spi.o"
#        "F:\信为产品\01 -
#        电容\SCap_Car(F3协议)\Project\Debug\Obj\stm32f0xx_syscfg.o"
#        "F:\信为产品\01 -
#        电容\SCap_Car(F3协议)\Project\Debug\Obj\stm32f0xx_tim.o"
#        "F:\信为产品\01 -
#        电容\SCap_Car(F3协议)\Project\Debug\Obj\stm32f0xx_usart.o"
#        "F:\信为产品\01 -
#        电容\SCap_Car(F3协议)\Project\Debug\Obj\stm32f0xx_wwdg.o"
#        "F:\信为产品\01 -
#        电容\SCap_Car(F3协议)\Project\Debug\Obj\system_stm32f0xx.o"
#        "F:\信为产品\01 -
#        电容\SCap_Car(F3协议)\Project\Debug\Obj\usart.o"
#        --no_out_extension -o "F:\信为产品\01 -
#        电容\SCap_Car(F3协议)\Project\Debug\Exe\CapSensor.out" --map
#        "F:\信为产品\01 -
#        电容\SCap_Car(F3协议)\Project\Debug\List\CapSensor.map" --config
#        "F:\信为产品\01 - 电容\SCap_Car(F3协议)\Project\CapSensor.icf"
#        --semihosting --entry __iar_program_start --vfe --text_out locale)
#
###############################################################################

*******************************************************************************
*** RUNTIME MODEL ATTRIBUTES
***

CppFlavor       = *
__SystemLibrary = DLib
__dlib_version  = 6


*******************************************************************************
*** HEAP SELECTION
***

The basic heap was selected because no calls to memory allocation
functions were found in the application outside of system library
functions, and there are calls to deallocation functions in the
application.


*******************************************************************************
*** PLACEMENT SUMMARY
***

"A0":  place at 0x800'3000 { ro section .intvec };
"P1":  place in [from 0x800'3000 to 0x800'ffff] { ro };
define block CSTACK with size = 2K, alignment = 8 { };
define block HEAP with size = 1K, alignment = 8 { };
"P2":  place in [from 0x2000'0000 to 0x2000'3fff] {
          rw, block CSTACK, block HEAP };
initialize by copy { rw };

  Section            Kind         Address    Size  Object
  -------            ----         -------    ----  ------
"A0":                                        0xc0
  .intvec            const     0x800'3000    0xc0  cstartup.o [1]
                             - 0x800'30c0    0xc0

"P1":                                      0x871d
  .text              ro code   0x800'30c0  0x1d00  modbus.o [1]
  .text              ro code   0x800'4dc0   0x2bc  SoftwareIIC.o [1]
  .text              ro code   0x800'507c   0x260  modbus_ascii.o [1]
  .text              ro code   0x800'52dc    0xb0  FltMul.o [3]
  .text              ro code   0x800'538c    0x26  FltToU32.o [3]
  .text              ro code   0x800'53b4    0x32  FltToDbl.o [3]
  .text              ro code   0x800'53e6   0x1a8  DblAddSub.o [3]
  .text              ro code   0x800'558e   0x184  DblMul.o [3]
  .text              ro code   0x800'5714    0x52  DblToI32.o [3]
  .text              ro code   0x800'5766     0x8  abs.o [2]
  .text              ro code   0x800'5770    0x36  IxxToFlt.o [3]
  .text              ro code   0x800'57a6    0xaa  FltDiv.o [3]
  .text              ro code   0x800'5850    0x26  FltCmpLe.o [3]
  .text              ro code   0x800'5878    0xe0  Capacitive.o [1]
  .text              ro code   0x800'5958   0x72c  AT24cxx.o [1]
  .text              ro code   0x800'6084     0xc  memcpy.o [4]
  .text              ro code   0x800'6090   0x1e0  algorithm.o [1]
  .text              ro code   0x800'6270    0x3a  FltToS32.o [3]
  .text              ro code   0x800'62aa    0xbe  DA.o [1]
  .text              ro code   0x800'6368   0x120  FltAddSub.o [3]
  .text              ro code   0x800'6488   0x27c  usart.o [1]
  .text              ro code   0x800'6704    0x58  os_time.o [1]
  .text              ro code   0x800'675c   0x964  os_task.o [1]
  .text              ro code   0x800'70c0   0x200  stm32f0xx_rcc.o [1]
  .text              ro code   0x800'72c0    0xd0  stm32f0xx_gpio.o [1]
  .text              ro code   0x800'7390    0x84  led.o [1]
  .text              ro code   0x800'7414   0x420  os_tmr.o [1]
  CODE               ro code   0x800'7834    0x1e  cpu_a.o [1]
  .text              ro code   0x800'7854   0x8e2  os_core.o [1]
  .text              ro code   0x800'8138    0x5c  ABImemcpy.o [4]
  .text              ro code   0x800'8194    0x6a  I64DivMod.o [4]
  .text              ro code   0x800'8200    0xb0  stm32f0xx_dac.o [1]
  .text              ro code   0x800'82b0   0x1ee  stm32f0xx_usart.o [1]
  .text              ro code   0x800'849e    0x16  nvic.o [1]
  .text              ro code   0x800'84b4   0x18e  bsp_int.o [1]
  .text              ro code   0x800'8644   0x198  os_cpu_c.o [1]
  .text              ro code   0x800'87dc   0x360  os_int.o [1]
  .text              ro code   0x800'8b3c   0x158  os_msg.o [1]
  .text              ro code   0x800'8c94    0x78  os_prio.o [1]
  .text              ro code   0x800'8d0c   0x39c  os_tick.o [1]
  .text              ro code   0x800'90a8    0xe0  I32DivModFast.o [4]
  .text              ro code   0x800'9188   0x178  os_flag.o [1]
  .text              ro code   0x800'9300    0x18  os_mem.o [1]
  .text              ro code   0x800'9318    0x18  os_mutex.o [1]
  .text              ro code   0x800'9330    0xe8  os_q.o [1]
  .text              ro code   0x800'9418    0xc4  os_sem.o [1]
  .text              ro code   0x800'94dc     0x2  os_dbg.o [1]
  .text              ro code   0x800'94de     0x2  os_cfg_app.o [1]
  CODE               ro code   0x800'94e0    0x9c  os_cpu_a.o [1]
  .text              ro code   0x800'957c     0x2  I64DivZer.o [4]
  .text              ro code   0x800'9580    0x58  stm32f0xx_misc.o [1]
  .text              ro code   0x800'95d8   0x17c  cpu_core.o [1]
  .text              ro code   0x800'9754     0x2  IntDivZer.o [4]
  .text              ro code   0x800'9758    0x5e  lib_mem.o [1]
  .text              ro code   0x800'97b8   0x12c  bsp.o [1]
  .text              ro code   0x800'98e4    0x80  stm32f0xx_exti.o [1]
  .text              ro code   0x800'9964    0x2c  stm32f0xx_pwr.o [1]
  .text              ro code   0x800'9990   0x834  PCap.o [1]
  .text              ro code   0x800'a1c4    0xcc  stm32f0xx_tim.o [1]
  .text              ro code   0x800'a290   0xa9c  Filter.o [1]
  .text              ro code   0x800'ad2c    0x28  FltCmpGe.o [3]
  .text              ro code   0x800'ad54    0x20  IxxToDbl.o [3]
  .text              ro code   0x800'ad74   0x2b0  MEMS.o [1]
  .text              ro code   0x800'b024   0x104  stm32f0xx_adc.o [1]
  .text              ro code   0x800'b128    0x54  stm32f0xx_dma.o [1]
  .text              ro code   0x800'b17c    0xc2  DblDiv.o [3]
  .text              ro code   0x800'b23e    0x62  DblToFlt.o [3]
  .text              ro code   0x800'b2a0   0x250  main.o [1]
  .text              ro code   0x800'b4f0    0x14  stm32f0xx_syscfg.o [1]
  .text              ro code   0x800'b504    0xb0  system_stm32f0xx.o [1]
  .text              ro code   0x800'b5b4    0x2c  stm32f0xx_flash.o [1]
  .rodata            const     0x800'b5e0    0x64  os_cfg_app.o [1]
  .rodata            const     0x800'b644    0x58  AT24cxx.o [1]
  .text              ro code   0x800'b69c    0x3c  zero_init3.o [4]
  .text              ro code   0x800'b6d8    0x3c  packbits_init_single.o [4]
  .text              ro code   0x800'b714    0x28  data_init.o [4]
  .iar.init_table    const     0x800'b73c    0x20  - Linker created -
  .text              ro code   0x800'b75c    0x1e  cmain.o [4]
  .text              ro code   0x800'b77a     0x4  low_level_init.o [2]
  .text              ro code   0x800'b77e     0x8  exit.o [2]
  .text              ro code   0x800'b788     0xa  cexit.o [4]
  .text              ro code   0x800'b794    0x14  exit.o [5]
  .text              ro code   0x800'b7a8     0xc  cstartup_M.o [4]
  .text              ro code   0x800'b7b4     0x8  cstartup.o [1]
  .rodata            const     0x800'b7bc     0x0  zero_init3.o [4]
  .rodata            const     0x800'b7bc     0x0  packbits_init_single.o [4]
  Initializer bytes  const     0x800'b7bc    0x21  <for P2-1>
                             - 0x800'b7dd  0x871d

Absolute sections:                           0xc0
  .noinit            uninit   0x2000'0000    0xc0  main.o [1]
                            - 0x2000'00c0    0xc0

"P2", part 1 of 3:                          0x156
  P2-1                        0x2000'00c0   0x156  <Init block>
    .data            inited   0x2000'00c0   0x13c  Filter.o [1]
    .data            inited   0x2000'01fc    0x10  stm32f0xx_rcc.o [1]
    .data            inited   0x2000'020c     0xa  Filter.o [1]
                            - 0x2000'0216   0x156

"P2", part 2 of 3:                         0x2ac8
  .bss               zero     0x2000'0218   0x7c0  main.o [1]
  .bss               zero     0x2000'09d8   0x640  os_cfg_app.o [1]
  .bss               zero     0x2000'1018   0x44c  AT24cxx.o [1]
  .bss               zero     0x2000'1464   0x200  os_cfg_app.o [1]
  .bss               zero     0x2000'1664   0x200  os_cfg_app.o [1]
  .bss               zero     0x2000'1864   0x1e6  AT24cxx.o [1]
  .bss               zero     0x2000'1a4a     0x2  os_var.o [1]
  .bss               zero     0x2000'1a4c   0x1c0  main.o [1]
  .bss               zero     0x2000'1c0c   0x15c  MEMS.o [1]
  .bss               zero     0x2000'1d68   0x140  os_cfg_app.o [1]
  .bss               zero     0x2000'1ea8   0x100  os_cfg_app.o [1]
  .bss               zero     0x2000'1fa8   0x100  os_cfg_app.o [1]
  .bss               zero     0x2000'20a8   0x100  os_cfg_app.o [1]
  .bss               zero     0x2000'21a8    0xf0  Filter.o [1]
  .bss               zero     0x2000'2298    0xd4  modbus_ascii.o [1]
  .bss               zero     0x2000'236c    0xd4  usart.o [1]
  .bss               zero     0x2000'2440    0xd4  usart.o [1]
  .bss               zero     0x2000'2514    0xc0  os_var.o [1]
  .bss               zero     0x2000'25d4    0xc0  os_var.o [1]
  .bss               zero     0x2000'2694    0xc0  os_var.o [1]
  .bss               zero     0x2000'2754    0xc0  os_var.o [1]
  .bss               zero     0x2000'2814    0xc0  os_var.o [1]
  .bss               zero     0x2000'28d4    0xa0  MEMS.o [1]
  .bss               zero     0x2000'2974    0x88  os_cfg_app.o [1]
  .bss               zero     0x2000'29fc    0x80  bsp_int.o [1]
  .bss               zero     0x2000'2a7c    0x50  modbus.o [1]
  .bss               zero     0x2000'2acc    0x38  os_cfg_app.o [1]
  .bss               zero     0x2000'2b04    0x34  led.o [1]
  .bss               zero     0x2000'2b38    0x34  led.o [1]
  .bss               zero     0x2000'2b6c    0x30  Filter.o [1]
  .bss               zero     0x2000'2b9c    0x28  modbus.o [1]
  .bss               zero     0x2000'2bc4    0x20  AT24cxx.o [1]
  .bss               zero     0x2000'2be4    0x18  modbus.o [1]
  .bss               zero     0x2000'2bfc    0x10  cpu_core.o [1]
  .bss               zero     0x2000'2c0c     0xc  os_var.o [1]
  .bss               zero     0x2000'2c18     0x8  DA.o [1]
  .bss               zero     0x2000'2c20     0x8  DA.o [1]
  .bss               zero     0x2000'2c28     0x8  modbus.o [1]
  .bss               zero     0x2000'2c30     0x5  usart.o [1]
  .bss               zero     0x2000'2c36     0x2  os_var.o [1]
  .bss               zero     0x2000'2c38     0x4  cpu_core.o [1]
  .bss               zero     0x2000'2c3c     0x4  led.o [1]
  .bss               zero     0x2000'2c40     0x4  os_cpu_c.o [1]
  .bss               zero     0x2000'2c44     0x4  os_prio.o [1]
  .bss               zero     0x2000'2c48     0x4  os_var.o [1]
  .bss               zero     0x2000'2c4c     0x4  os_var.o [1]
  .bss               zero     0x2000'2c50     0x4  os_var.o [1]
  .bss               zero     0x2000'2c54     0x4  os_var.o [1]
  .bss               zero     0x2000'2c58     0x4  os_var.o [1]
  .bss               zero     0x2000'2c5c     0x4  os_var.o [1]
  .bss               zero     0x2000'2c60     0x4  os_var.o [1]
  .bss               zero     0x2000'2c64     0x4  os_var.o [1]
  .bss               zero     0x2000'2c68     0x4  os_var.o [1]
  .bss               zero     0x2000'2c6c     0x4  os_var.o [1]
  .bss               zero     0x2000'2c70     0x4  os_var.o [1]
  .bss               zero     0x2000'2c74     0x4  os_var.o [1]
  .bss               zero     0x2000'2c78     0x4  os_var.o [1]
  .bss               zero     0x2000'2c7c     0x4  os_var.o [1]
  .bss               zero     0x2000'2c80     0x4  os_var.o [1]
  .bss               zero     0x2000'2c84     0x4  os_var.o [1]
  .bss               zero     0x2000'2c88     0x4  os_var.o [1]
  .bss               zero     0x2000'2c8c     0x4  os_var.o [1]
  .bss               zero     0x2000'2c90     0x4  os_var.o [1]
  .bss               zero     0x2000'2c94     0x4  os_var.o [1]
  .bss               zero     0x2000'2c98     0x4  os_var.o [1]
  .bss               zero     0x2000'2c9c     0x4  os_var.o [1]
  .bss               zero     0x2000'2ca0     0x4  os_var.o [1]
  .bss               zero     0x2000'2ca4     0x4  os_var.o [1]
  .bss               zero     0x2000'2ca8     0x4  os_var.o [1]
  .bss               zero     0x2000'2cac     0x4  os_var.o [1]
  .bss               zero     0x2000'2cb0     0x4  os_var.o [1]
  .bss               zero     0x2000'2cb4     0x4  os_var.o [1]
  .bss               zero     0x2000'2cb8     0x4  PCap.o [1]
  .bss               zero     0x2000'2cbc     0x4  PCap.o [1]
  .bss               zero     0x2000'2cc0     0x2  os_var.o [1]
  .bss               zero     0x2000'2cc2     0x2  os_var.o [1]
  .bss               zero     0x2000'2cc4     0x2  os_var.o [1]
  .bss               zero     0x2000'2cc6     0x2  os_var.o [1]
  .bss               zero     0x2000'2cc8     0x2  os_var.o [1]
  .bss               zero     0x2000'2cca     0x2  os_var.o [1]
  .bss               zero     0x2000'2ccc     0x2  os_var.o [1]
  .bss               zero     0x2000'2cce     0x2  os_var.o [1]
  .bss               zero     0x2000'2cd0     0x1  AT24cxx.o [1]
  .bss               zero     0x2000'2cd1     0x1  Filter.o [1]
  .bss               zero     0x2000'2cd2     0x1  Filter.o [1]
  .bss               zero     0x2000'2cd3     0x1  modbus_ascii.o [1]
  .bss               zero     0x2000'2cd4     0x1  os_var.o [1]
  .bss               zero     0x2000'2cd5     0x1  os_var.o [1]
  .bss               zero     0x2000'2cd6     0x1  os_var.o [1]
  .bss               zero     0x2000'2cd7     0x1  os_var.o [1]
  .bss               zero     0x2000'2cd8     0x1  os_var.o [1]
  .bss               zero     0x2000'2cd9     0x1  os_var.o [1]
  .bss               zero     0x2000'2cda     0x1  os_var.o [1]
  .bss               zero     0x2000'2cdb     0x1  os_var.o [1]
  .bss               zero     0x2000'2cdc     0x1  PCap.o [1]
                            - 0x2000'2cdd  0x2ac5

"P2", part 3 of 3:                          0x800
  CSTACK                      0x2000'2ce0   0x800  <Block>
    CSTACK           uninit   0x2000'2ce0   0x800  <Block tail>
                            - 0x2000'34e0   0x800

Unused ranges:

         From           To    Size
         ----           --    ----
   0x800'b7dd   0x800'ffff  0x4823
  0x2000'0216  0x2000'0217     0x2
  0x2000'34e0  0x2000'3fff   0xb20


*******************************************************************************
*** INIT TABLE
***

          Address      Size
          -------      ----
Zero (__iar_zero_init3)
    1 destination range, total size 0x2ac5:
          0x2000'0218  0x2ac5

Copy/packbits (__iar_packbits_init_single3)
    1 source range, total size 0x21 (9% of destination):
           0x800'b7bc    0x21
    1 destination range, total size 0x156:
          0x2000'00c0   0x156



*******************************************************************************
*** MODULE SUMMARY
***

    Module                  ro code  ro data  rw data  rw data
                                                        (abs)
    ------                  -------  -------  -------  -------
command line/config:
    ----------------------------------------------------------
    Total:

F:\信为产品\01 -  电容\SCap_Car(F3协议)\Project\Debug\Obj: [1]
    AT24cxx.o                 1 836       88    1 619
    Capacitive.o                224
    DA.o                        190                16
    Filter.o                  2 716       31      616
    MEMS.o                      688               508
    PCap.o                    2 100                 9
    SoftwareIIC.o               700
    algorithm.o                 480
    bsp.o                       300
    bsp_int.o                   398               128
    cpu_a.o                      30
    cpu_core.o                  380                20
    cstartup.o                    8      192
    led.o                       132               108
    lib_mem.o                    94
    main.o                      592             2 432      192
    modbus.o                  7 424               152
    modbus_ascii.o              608               213
    nvic.o                       22
    os_cfg_app.o                  2      100    3 904
    os_core.o                 2 274
    os_cpu_a.o                  156
    os_cpu_c.o                  408                 4
    os_dbg.o                      2
    os_flag.o                   376
    os_int.o                    864
    os_mem.o                     24
    os_msg.o                    344
    os_mutex.o                   24
    os_prio.o                   120                 4
    os_q.o                      232
    os_sem.o                    196
    os_task.o                 2 404
    os_tick.o                   924
    os_time.o                    88
    os_tmr.o                  1 056
    os_var.o                                    1 112
    stm32f0xx_adc.o             260
    stm32f0xx_dac.o             176
    stm32f0xx_dma.o              84
    stm32f0xx_exti.o            128
    stm32f0xx_flash.o            44
    stm32f0xx_gpio.o            208
    stm32f0xx_misc.o             88
    stm32f0xx_pwr.o              44
    stm32f0xx_rcc.o             512        2       16
    stm32f0xx_syscfg.o           20
    stm32f0xx_tim.o             204
    stm32f0xx_usart.o           494
    system_stm32f0xx.o          176
    usart.o                     636               429
    ----------------------------------------------------------
    Total:                   31 490      413   11 290      192

dl6M_tln.a: [2]
    abs.o                         8
    exit.o                        8
    low_level_init.o              4
    ----------------------------------------------------------
    Total:                       20

m6M_tl.a: [3]
    DblAddSub.o                 424
    DblDiv.o                    194
    DblMul.o                    388
    DblToFlt.o                   98
    DblToI32.o                   82
    FltAddSub.o                 288
    FltCmpGe.o                   40
    FltCmpLe.o                   38
    FltDiv.o                    170
    FltMul.o                    176
    FltToDbl.o                   50
    FltToS32.o                   58
    FltToU32.o                   38
    IxxToDbl.o                   32
    IxxToFlt.o                   54
    ----------------------------------------------------------
    Total:                    2 130

rt6M_tl.a: [4]
    ABImemcpy.o                  92
    I32DivModFast.o             224
    I64DivMod.o                 106
    I64DivZer.o                   2
    IntDivZer.o                   2
    cexit.o                      10
    cmain.o                      30
    cstartup_M.o                 12
    data_init.o                  40
    memcpy.o                     12
    packbits_init_single.o       60
    zero_init3.o                 60
    ----------------------------------------------------------
    Total:                      650

shb_l.a: [5]
    exit.o                       20
    ----------------------------------------------------------
    Total:                       20

    Gaps                         26                 1
    Linker created                        32    2 048
--------------------------------------------------------------
    Grand Total:             34 336      445   13 339      192


*******************************************************************************
*** ENTRY LIST
***

Entry                       Address   Size  Type      Object
-----                       -------   ----  ----      ------
.iar.init_table$$Base    0x800'b73c          --   Gb  - Linker created -
.iar.init_table$$Limit   0x800'b75c          --   Gb  - Linker created -
?main                    0x800'b75d         Code  Gb  cmain.o [4]
ADC1Filter              0x2000'1c0c   0x80  Data  Gb  MEMS.o [1]
ADC_ChannelConfig        0x800'b091    0xa  Code  Gb  stm32f0xx_adc.o [1]
ADC_Cmd                  0x800'b07b   0x16  Code  Gb  stm32f0xx_adc.o [1]
ADC_Config               0x800'ad75   0xa0  Code  Lc  MEMS.o [1]
ADC_DMACmd               0x800'b0d9   0x16  Code  Gb  stm32f0xx_adc.o [1]
ADC_DMARequestModeConfig
                         0x800'b0ef   0x10  Code  Gb  stm32f0xx_adc.o [1]
ADC_DeInit               0x800'b025   0x1e  Code  Gb  stm32f0xx_adc.o [1]
ADC_GetCalibrationFactor
                         0x800'b09b   0x34  Code  Gb  stm32f0xx_adc.o [1]
ADC_GetFlagStatus        0x800'b0ff   0x1a  Code  Gb  stm32f0xx_adc.o [1]
ADC_Init                 0x800'b043   0x26  Code  Gb  stm32f0xx_adc.o [1]
ADC_StartOfConversion    0x800'b0cf    0xa  Code  Gb  stm32f0xx_adc.o [1]
ADC_StructInit           0x800'b069   0x12  Code  Gb  stm32f0xx_adc.o [1]
APBAHBPrescTable        0x2000'01fc   0x10  Data  Lc  stm32f0xx_rcc.o [1]
APP_MB_Task              0x800'4d21   0x70  Code  Gb  modbus.o [1]
AT24CXX_Init             0x800'5959    0x8  Code  Gb  AT24cxx.o [1]
AddState                0x2000'00cd    0x1  Data  Gb  Filter.o [1]
Add_Finish_Flag         0x2000'00c4    0x1  Data  Gb  Filter.o [1]
Add_Sub_Cnt             0x2000'00d8    0x2  Data  Gb  Filter.o [1]
Add_Sub_Flag            0x2000'00c0    0x1  Data  Gb  Filter.o [1]
Add_Sub_Start_Flag      0x2000'00c6    0x1  Data  Gb  Filter.o [1]
AppFilterStk            0x2000'05d8  0x280  Data  Lc  main.o [1]
AppFilterTCB            0x2000'02d8   0xc0  Data  Gb  main.o [1]
AppMEMSStk              0x2000'0858  0x180  Data  Lc  main.o [1]
AppMEMSTCB              0x2000'0398   0xc0  Data  Gb  main.o [1]
AppTaskMBStk            0x2000'0458  0x180  Data  Lc  main.o [1]
AppTaskMBTCB            0x2000'0218   0xc0  Data  Gb  main.o [1]
AppTaskStartStk         0x2000'1b0c  0x100  Data  Lc  main.o [1]
AppTaskStartTCB         0x2000'1a4c   0xc0  Data  Lc  main.o [1]
App_CreateObject         0x800'b361   0x40  Code  Lc  main.o [1]
App_CreateTask           0x800'b3a1   0xa0  Code  Lc  main.o [1]
App_Fault_ISR            0x800'b7b7    0x2  Code  Lc  cstartup.o [1]
App_Filter_Task          0x800'ace9   0x40  Code  Gb  Filter.o [1]
App_MEMSAndTemp_Task     0x800'ae81  0x172  Code  Gb  MEMS.o [1]
App_NMI_ISR              0x800'b7b5    0x2  Code  Lc  cstartup.o [1]
App_Reserved_ISR         0x800'b7bb    0x2  Code  Lc  cstartup.o [1]
App_Spurious_ISR         0x800'b7b9    0x2  Code  Lc  cstartup.o [1]
App_StartTask            0x800'b333   0x2c  Code  Lc  main.o [1]
ArrToHex                 0x800'6141   0x16  Code  Gb  algorithm.o [1]
BSP_CPU_ClkFreq          0x800'98bd   0x10  Code  Gb  bsp.o [1]
BSP_Init                 0x800'989d   0x20  Code  Gb  bsp.o [1]
BSP_IntDisAll            0x800'84b5    0x8  Code  Gb  bsp_int.o [1]
BSP_IntHandler           0x800'860f   0x2a  Code  Lc  bsp_int.o [1]
BSP_IntHandlerADC_COMP   0x800'8565    0xa  Code  Gb  bsp_int.o [1]
BSP_IntHandlerCEC        0x800'8605    0xa  Code  Gb  bsp_int.o [1]
BSP_IntHandlerDMA_CH1    0x800'8547    0xa  Code  Gb  bsp_int.o [1]
BSP_IntHandlerDMA_CH2_3
                         0x800'8551    0xa  Code  Gb  bsp_int.o [1]
BSP_IntHandlerDMA_CH4_5
                         0x800'855b    0xa  Code  Gb  bsp_int.o [1]
BSP_IntHandlerDummy      0x800'8641    0x2  Code  Lc  bsp_int.o [1]
BSP_IntHandlerEXTI0_1    0x800'851f    0xa  Code  Gb  bsp_int.o [1]
BSP_IntHandlerEXTI2_3    0x800'8529    0xa  Code  Gb  bsp_int.o [1]
BSP_IntHandlerEXTI4_15   0x800'8533    0xa  Code  Gb  bsp_int.o [1]
BSP_IntHandlerFLASH      0x800'850b    0xa  Code  Gb  bsp_int.o [1]
BSP_IntHandlerI2C1       0x800'85d3    0xa  Code  Gb  bsp_int.o [1]
BSP_IntHandlerI2C2       0x800'85dd    0xa  Code  Gb  bsp_int.o [1]
BSP_IntHandlerPVD        0x800'84f7    0xa  Code  Gb  bsp_int.o [1]
BSP_IntHandlerRCC        0x800'8515    0xa  Code  Gb  bsp_int.o [1]
BSP_IntHandlerRTC        0x800'8501    0xa  Code  Gb  bsp_int.o [1]
BSP_IntHandlerSPI1       0x800'85e7    0xa  Code  Gb  bsp_int.o [1]
BSP_IntHandlerSPI2       0x800'85f1    0xa  Code  Gb  bsp_int.o [1]
BSP_IntHandlerTIM14      0x800'85ab    0xa  Code  Gb  bsp_int.o [1]
BSP_IntHandlerTIM15      0x800'85b5    0xa  Code  Gb  bsp_int.o [1]
BSP_IntHandlerTIM16      0x800'85bf    0xa  Code  Gb  bsp_int.o [1]
BSP_IntHandlerTIM17      0x800'85c9    0xa  Code  Gb  bsp_int.o [1]
BSP_IntHandlerTIM1_BRK_UP_TRG_COM
                         0x800'856f    0xa  Code  Gb  bsp_int.o [1]
BSP_IntHandlerTIM1_CC    0x800'8579    0xa  Code  Gb  bsp_int.o [1]
BSP_IntHandlerTIM2       0x800'8583    0xa  Code  Gb  bsp_int.o [1]
BSP_IntHandlerTIM3       0x800'858d    0xa  Code  Gb  bsp_int.o [1]
BSP_IntHandlerTIM6_DAC   0x800'8597    0xa  Code  Gb  bsp_int.o [1]
BSP_IntHandlerTIM7       0x800'85a1    0xa  Code  Gb  bsp_int.o [1]
BSP_IntHandlerTSC        0x800'853d    0xa  Code  Gb  bsp_int.o [1]
BSP_IntHandlerUSART2     0x800'85fb    0xa  Code  Gb  bsp_int.o [1]
BSP_IntHandlerWWDG       0x800'84ed    0xa  Code  Gb  bsp_int.o [1]
BSP_IntInit              0x800'84d7   0x16  Code  Gb  bsp_int.o [1]
BSP_IntVectSet           0x800'84bd   0x1a  Code  Gb  bsp_int.o [1]
BSP_IntVectTbl          0x2000'29fc   0x80  Data  Lc  bsp_int.o [1]
CALIB_Data              0x2000'1a48    0x2  Data  Gb  AT24cxx.o [1]
CALIB_Table             0x2000'18b8  0x190  Data  Gb  AT24cxx.o [1]
CPU_CntLeadZeros         0x800'95fd    0x8  Code  Gb  cpu_core.o [1]
CPU_CntLeadZeros32       0x800'9605   0x30  Code  Gb  cpu_core.o [1]
CPU_CntLeadZerosTbl      0x800'9654  0x100  Data  Lc  cpu_core.o [1]
CPU_Init                 0x800'95d9    0xc  Code  Gb  cpu_core.o [1]
CPU_IntDis               0x800'7835         Code  Gb  cpu_a.o [1]
CPU_IntEn                0x800'7839         Code  Gb  cpu_a.o [1]
CPU_Name                0x2000'2bfc   0x10  Data  Gb  cpu_core.o [1]
CPU_NameClr              0x800'95e5   0x18  Code  Gb  cpu_core.o [1]
CPU_NameInit             0x800'9635    0x8  Code  Lc  cpu_core.o [1]
CPU_SR_Restore           0x800'7845         Code  Gb  cpu_a.o [1]
CPU_SR_Save              0x800'783d         Code  Gb  cpu_a.o [1]
CPU_TS_Init              0x800'963d    0xe  Code  Lc  cpu_core.o [1]
CPU_TS_TmrFreq_Hz       0x2000'2c38    0x4  Data  Gb  cpu_core.o [1]
CPU_TS_TmrInit           0x800'98cd    0x2  Code  Gb  bsp.o [1]
CPU_WaitForExcept        0x800'784f         Code  Gb  cpu_a.o [1]
CPU_WaitForInt           0x800'784b         Code  Gb  cpu_a.o [1]
CSTACK$$Base            0x2000'2ce0          --   Gb  - Linker created -
CSTACK$$Limit           0x2000'34e0          --   Gb  - Linker created -
CalcuFloaterDACode       0x800'a3a9   0x54  Code  Gb  Filter.o [1]
Calib_Param             0x2000'2bc4   0x20  Data  Gb  AT24cxx.o [1]
Calibrate_Flag          0x2000'2cd1    0x1  Data  Gb  Filter.o [1]
CapCalibrate             0x800'5879   0xe0  Code  Gb  Capacitive.o [1]
Capture_TimerInit        0x800'a3a1    0x8  Code  Gb  Filter.o [1]
Check_Calib_Backup       0x800'5bf9   0xae  Code  Gb  AT24cxx.o [1]
Check_User_Backup        0x800'5b41   0xb2  Code  Gb  AT24cxx.o [1]
CopyVectorToRamAndRemap
                         0x800'b2a1   0x2a  Code  Gb  main.o [1]
Cur_Param               0x2000'140c   0x58  Data  Gb  AT24cxx.o [1]
Curr_LiquidHeight       0x2000'00f8    0x4  Data  Gb  Filter.o [1]
DA2_Write                0x800'634b   0x1e  Code  Gb  DA.o [1]
DAC_Cmd                  0x800'823d   0x18  Code  Gb  stm32f0xx_dac.o [1]
DAC_DeInit               0x800'8201   0x18  Code  Gb  stm32f0xx_dac.o [1]
DAC_Init                 0x800'8219   0x24  Code  Gb  stm32f0xx_dac.o [1]
DAC_SetChannel1Data      0x800'826f   0x1a  Code  Gb  stm32f0xx_dac.o [1]
DAC_SetChannel2Data      0x800'8289   0x1a  Code  Gb  stm32f0xx_dac.o [1]
DAC_SoftwareTriggerCmd   0x800'8255   0x1a  Code  Gb  stm32f0xx_dac.o [1]
DAOilDebug              0x2000'2c18    0x8  Data  Gb  DA.o [1]
DAOutDebug              0x2000'2c20    0x8  Data  Gb  DA.o [1]
DAOutPutStabilised       0x800'a439   0x9c  Code  Gb  Filter.o [1]
DAOutPutStabilised::ucDirBak
                        0x2000'020c    0x1  Data  Lc  Filter.o [1]
DAOutPutStabilised::usBaseRate
                        0x2000'020e    0x2  Data  Lc  Filter.o [1]
DAOutPutStabilised::usDABak
                        0x2000'0210    0x2  Data  Lc  Filter.o [1]
DAOutPutStabilised::usLargeThan1PercCnt
                        0x2000'0214    0x2  Data  Lc  Filter.o [1]
DAOutPutStabilised::usLargeThan5PercCnt
                        0x2000'0212    0x2  Data  Lc  Filter.o [1]
DA_Handle                0x800'a9a1   0x96  Code  Gb  Filter.o [1]
DA_Init                  0x800'62ab   0x82  Code  Gb  DA.o [1]
DA_Write                 0x800'632d   0x1e  Code  Gb  DA.o [1]
DMA_Cmd                  0x800'b15f   0x16  Code  Gb  stm32f0xx_dma.o [1]
DMA_Config               0x800'ae15   0x4a  Code  Lc  MEMS.o [1]
DMA_Init                 0x800'b129   0x36  Code  Gb  stm32f0xx_dma.o [1]
Delay_Ms                 0x800'4dc1    0xe  Code  Gb  SoftwareIIC.o [1]
Delay_Us                 0x800'4dcf    0xc  Code  Gb  SoftwareIIC.o [1]
DoCnt                   0x2000'00c8    0x1  Data  Gb  Filter.o [1]
EEProm_Init              0x800'5b09    0x8  Code  Gb  AT24cxx.o [1]
EXTI_ClearITPendingBit   0x800'9957    0x6  Code  Gb  stm32f0xx_exti.o [1]
EXTI_Init                0x800'98e5   0x72  Code  Gb  stm32f0xx_exti.o [1]
FLASH_PrefetchBufferCmd
                         0x800'b5c3   0x18  Code  Gb  stm32f0xx_flash.o [1]
FLASH_SetLatency         0x800'b5b5    0xe  Code  Gb  stm32f0xx_flash.o [1]
FinishTimeCnt           0x2000'00cb    0x1  Data  Gb  Filter.o [1]
GPIO_Init                0x800'72c1   0x88  Code  Gb  stm32f0xx_gpio.o [1]
GPIO_PinAFConfig         0x800'736b   0x26  Code  Gb  stm32f0xx_gpio.o [1]
GPIO_ReadInputDataBit    0x800'7349    0xe  Code  Gb  stm32f0xx_gpio.o [1]
GPIO_ResetBits           0x800'735b    0x4  Code  Gb  stm32f0xx_gpio.o [1]
GPIO_SetBits             0x800'7357    0x4  Code  Gb  stm32f0xx_gpio.o [1]
GPIO_WriteBit            0x800'735f    0xc  Code  Gb  stm32f0xx_gpio.o [1]
GetAverage               0x800'60eb   0x3a  Code  Gb  algorithm.o [1]
GetDelExtremeAndAverage
                         0x800'6125   0x1c  Code  Gb  algorithm.o [1]
Get_EverySecPcap         0x800'a4f9   0xe6  Code  Gb  Filter.o [1]
Get_Filter_PCap          0x800'aa49  0x256  Code  Gb  Filter.o [1]
Get_TankOil              0x800'4a41  0x162  Code  Gb  modbus.o [1]
HexToFloat               0x800'6157   0x16  Code  Gb  algorithm.o [1]
I2C1_ReadByte            0x800'5961   0x80  Code  Gb  AT24cxx.o [1]
I2C1_ReadNBytes          0x800'5a63   0x26  Code  Gb  AT24cxx.o [1]
I2C1_WNBytesMul3T        0x800'5ab9   0x50  Code  Gb  AT24cxx.o [1]
I2C1_WriteByte           0x800'59e1   0x82  Code  Gb  AT24cxx.o [1]
I2C1_WriteNBytes         0x800'5a89   0x30  Code  Gb  AT24cxx.o [1]
IIC_Ack                  0x800'4f0f   0x4a  Code  Gb  SoftwareIIC.o [1]
IIC_Init                 0x800'4ddb   0x36  Code  Gb  SoftwareIIC.o [1]
IIC_NAck                 0x800'4f59   0x4a  Code  Gb  SoftwareIIC.o [1]
IIC_Read_Byte            0x800'500d   0x5e  Code  Gb  SoftwareIIC.o [1]
IIC_Send_Byte            0x800'4fa3   0x6a  Code  Gb  SoftwareIIC.o [1]
IIC_Start                0x800'4e11   0x60  Code  Gb  SoftwareIIC.o [1]
IIC_Stop                 0x800'4e71   0x4a  Code  Gb  SoftwareIIC.o [1]
IIC_Wait_Ack             0x800'4ebb   0x54  Code  Gb  SoftwareIIC.o [1]
InitArrayFlag           0x2000'00c3    0x1  Data  Gb  Filter.o [1]
InitTmpQueue             0x800'ae6b   0x12  Code  Gb  MEMS.o [1]
IsNeetResetPcap          0x800'a3fd   0x3c  Code  Gb  Filter.o [1]
IsNeetResetPcap::ucRawCapEqualCnt
                        0x2000'2cd2    0x1  Data  Lc  Filter.o [1]
Judge_Add_Sub_Oil        0x800'a60d  0x388  Code  Gb  Filter.o [1]
LED_Close                0x800'73c3    0xc  Code  Gb  led.o [1]
LED_Double_Light         0x800'73d7   0x34  Code  Gb  led.o [1]
LED_Init                 0x800'7391   0x26  Code  Gb  led.o [1]
LED_Open                 0x800'73b7    0xc  Code  Gb  led.o [1]
LED_Short_Light          0x800'73cf    0x8  Code  Gb  led.o [1]
LFilCnt                 0x2000'00cf    0x1  Data  Gb  Filter.o [1]
Last_LiquidHeight       0x2000'00fc    0x4  Data  Gb  Filter.o [1]
MBASCII_AutoUpLoadFrame
                         0x800'4bc5  0x152  Code  Gb  modbus.o [1]
MBASCII_Fun03            0x800'31d5  0x1d6  Code  Gb  modbus.o [1]
MBASCII_Fun04            0x800'33c5  0x1d4  Code  Gb  modbus.o [1]
MBASCII_Fun05            0x800'35bd  0x158  Code  Gb  modbus.o [1]
MBASCII_Fun10            0x800'39b5  0x498  Code  Gb  modbus.o [1]
MBASCII_Fun25            0x800'3e85  0x18e  Code  Gb  modbus.o [1]
MBASCII_Fun26            0x800'4035  0x170  Code  Gb  modbus.o [1]
MBASCII_Fun27            0x800'41d1  0x2a2  Code  Gb  modbus.o [1]
MBASCII_Fun2A            0x800'4491  0x14a  Code  Gb  modbus.o [1]
MBASCII_Fun2B            0x800'45f1  0x2a2  Code  Gb  modbus.o [1]
MBASCII_Fun41            0x800'48a5   0xa8  Code  Gb  modbus.o [1]
MBASCII_Function         0x800'4951   0xde  Code  Gb  modbus.o [1]
MBASCII_GetFunCode       0x800'30d7    0x4  Code  Gb  modbus.o [1]
MBASCII_GetSlaveAddr     0x800'30d3    0x4  Code  Gb  modbus.o [1]
MBASCII_SendErr          0x800'3105   0x1c  Code  Gb  modbus.o [1]
MBASCII_SendMsg          0x800'30db   0x2a  Code  Gb  modbus.o [1]
MBASCII_SendMsg_NoLimit
                         0x800'3121   0x20  Code  Gb  modbus.o [1]
MODBUS_ASCII_AsciiPacketToRtuPacket
                         0x800'510f   0x2c  Code  Gb  modbus_ascii.o [1]
MODBUS_ASCII_AsciiToHex
                         0x800'50a7   0x30  Code  Gb  modbus_ascii.o [1]
MODBUS_ASCII_CheckAscii
                         0x800'51c3   0x38  Code  Gb  modbus_ascii.o [1]
MODBUS_ASCII_GetLrc      0x800'50d7   0x38  Code  Gb  modbus_ascii.o [1]
MODBUS_ASCII_HandlRevData
                         0x800'5167   0x5c  Code  Gb  modbus_ascii.o [1]
MODBUS_ASCII_HexToAscii
                         0x800'507d   0x2a  Code  Gb  modbus_ascii.o [1]
MODBUS_ASCII_RecvData    0x800'51fb   0x6e  Code  Gb  modbus_ascii.o [1]
MODBUS_ASCII_RtuPacketToAsciiPacket
                         0x800'513b   0x2c  Code  Gb  modbus_ascii.o [1]
MODBUS_ASCII_SendData    0x800'5269   0x60  Code  Gb  modbus_ascii.o [1]
MaxAd                   0x2000'00ec    0x4  Data  Gb  Filter.o [1]
Mem_Clr                  0x800'9759    0xc  Code  Gb  lib_mem.o [1]
Mem_Set                  0x800'9765   0x52  Code  Gb  lib_mem.o [1]
MinAd                   0x2000'00e8    0x4  Data  Gb  Filter.o [1]
NVIC_Init                0x800'9581   0x4c  Code  Gb  stm32f0xx_misc.o [1]
NVIC_UARTConfiguration   0x800'849f   0x16  Code  Gb  nvic.o [1]
OSCfg_ISRStk            0x2000'1464  0x200  Data  Gb  os_cfg_app.o [1]
OSCfg_ISRStkBasePtr      0x800'b600    0x4  Data  Gb  os_cfg_app.o [1]
OSCfg_ISRStkSize         0x800'b604    0x4  Data  Gb  os_cfg_app.o [1]
OSCfg_IdleTaskStk       0x2000'1ea8  0x100  Data  Gb  os_cfg_app.o [1]
OSCfg_IdleTaskStkBasePtr
                         0x800'b5e0    0x4  Data  Gb  os_cfg_app.o [1]
OSCfg_IdleTaskStkLimit   0x800'b5e4    0x4  Data  Gb  os_cfg_app.o [1]
OSCfg_IdleTaskStkSize    0x800'b5e8    0x4  Data  Gb  os_cfg_app.o [1]
OSCfg_Init               0x800'94df    0x2  Code  Gb  os_cfg_app.o [1]
OSCfg_IntQ              0x2000'1d68  0x140  Data  Gb  os_cfg_app.o [1]
OSCfg_IntQBasePtr        0x800'b5ec    0x4  Data  Gb  os_cfg_app.o [1]
OSCfg_IntQSize           0x800'b5f0    0x2  Data  Gb  os_cfg_app.o [1]
OSCfg_IntQTaskStk       0x2000'1fa8  0x100  Data  Gb  os_cfg_app.o [1]
OSCfg_IntQTaskStkBasePtr
                         0x800'b5f4    0x4  Data  Gb  os_cfg_app.o [1]
OSCfg_IntQTaskStkLimit   0x800'b5f8    0x4  Data  Gb  os_cfg_app.o [1]
OSCfg_IntQTaskStkSize    0x800'b5fc    0x4  Data  Gb  os_cfg_app.o [1]
OSCfg_MsgPool           0x2000'09d8  0x640  Data  Gb  os_cfg_app.o [1]
OSCfg_MsgPoolBasePtr     0x800'b60c    0x4  Data  Gb  os_cfg_app.o [1]
OSCfg_MsgPoolSize        0x800'b608    0x2  Data  Gb  os_cfg_app.o [1]
OSCfg_StkSizeMin         0x800'b610    0x4  Data  Gb  os_cfg_app.o [1]
OSCfg_TickRate_Hz        0x800'b614    0x4  Data  Gb  os_cfg_app.o [1]
OSCfg_TickTaskPrio       0x800'b618    0x1  Data  Gb  os_cfg_app.o [1]
OSCfg_TickTaskStk       0x2000'1664  0x200  Data  Gb  os_cfg_app.o [1]
OSCfg_TickTaskStkBasePtr
                         0x800'b61c    0x4  Data  Gb  os_cfg_app.o [1]
OSCfg_TickTaskStkLimit   0x800'b620    0x4  Data  Gb  os_cfg_app.o [1]
OSCfg_TickTaskStkSize    0x800'b624    0x4  Data  Gb  os_cfg_app.o [1]
OSCfg_TickWheel         0x2000'2974   0x88  Data  Gb  os_cfg_app.o [1]
OSCfg_TickWheelSize      0x800'b628    0x2  Data  Gb  os_cfg_app.o [1]
OSCfg_TmrTaskPrio        0x800'b62c    0x1  Data  Gb  os_cfg_app.o [1]
OSCfg_TmrTaskRate_Hz     0x800'b630    0x4  Data  Gb  os_cfg_app.o [1]
OSCfg_TmrTaskStk        0x2000'20a8  0x100  Data  Gb  os_cfg_app.o [1]
OSCfg_TmrTaskStkBasePtr
                         0x800'b634    0x4  Data  Gb  os_cfg_app.o [1]
OSCfg_TmrTaskStkLimit    0x800'b638    0x4  Data  Gb  os_cfg_app.o [1]
OSCfg_TmrTaskStkSize     0x800'b63c    0x4  Data  Gb  os_cfg_app.o [1]
OSCfg_TmrWheel          0x2000'2acc   0x38  Data  Gb  os_cfg_app.o [1]
OSCfg_TmrWheelSize       0x800'b640    0x2  Data  Gb  os_cfg_app.o [1]
OSCtxSw                  0x800'94ff         Code  Gb  os_cpu_a.o [1]
OSFlagDbgListPtr        0x2000'2c74    0x4  Data  Gb  os_var.o [1]
OSFlagQty               0x2000'2cc2    0x2  Data  Gb  os_var.o [1]
OSIdleTaskCtr           0x2000'2c64    0x4  Data  Gb  os_var.o [1]
OSIdleTaskHook           0x800'8645   0x10  Code  Gb  os_cpu_c.o [1]
OSIdleTaskTCB           0x2000'2514   0xc0  Data  Gb  os_var.o [1]
OSInit                   0x800'7855  0x112  Code  Gb  os_core.o [1]
OSInitHook               0x800'8655   0x16  Code  Gb  os_cpu_c.o [1]
OSIntCtxSw               0x800'9507         Code  Gb  os_cpu_a.o [1]
OSIntEnter               0x800'7967   0x18  Code  Gb  os_core.o [1]
OSIntExit                0x800'797f   0x84  Code  Gb  os_core.o [1]
OSIntNestingCtr         0x2000'2cd4    0x1  Data  Gb  os_var.o [1]
OSIntQInPtr             0x2000'2c68    0x4  Data  Gb  os_var.o [1]
OSIntQNbrEntries        0x2000'1a4a    0x2  Data  Gb  os_var.o [1]
OSIntQNbrEntriesMax     0x2000'2c36    0x2  Data  Gb  os_var.o [1]
OSIntQOutPtr            0x2000'2c6c    0x4  Data  Gb  os_var.o [1]
OSIntQOvfCtr            0x2000'2cc0    0x2  Data  Gb  os_var.o [1]
OSIntQTaskTCB           0x2000'25d4   0xc0  Data  Gb  os_var.o [1]
OSIntQTaskTimeMax       0x2000'2c70    0x4  Data  Gb  os_var.o [1]
OSMemDbgListPtr         0x2000'2c78    0x4  Data  Gb  os_var.o [1]
OSMemQty                0x2000'2cc4    0x2  Data  Gb  os_var.o [1]
OSMsgPool               0x2000'2c0c    0xc  Data  Gb  os_var.o [1]
OSMutexDbgListPtr       0x2000'2c7c    0x4  Data  Gb  os_var.o [1]
OSMutexQty              0x2000'2cc6    0x2  Data  Gb  os_var.o [1]
OSPrioCur               0x2000'2cd6    0x1  Data  Gb  os_var.o [1]
OSPrioHighRdy           0x2000'2cd7    0x1  Data  Gb  os_var.o [1]
OSPrioSaved             0x2000'2cd8    0x1  Data  Gb  os_var.o [1]
OSPrioTbl               0x2000'2c44    0x4  Data  Gb  os_prio.o [1]
OSQDbgListPtr           0x2000'2c80    0x4  Data  Gb  os_var.o [1]
OSQQty                  0x2000'2cc8    0x2  Data  Gb  os_var.o [1]
OSRdyList               0x2000'2694   0xc0  Data  Gb  os_var.o [1]
OSRunning               0x2000'2cd5    0x1  Data  Gb  os_var.o [1]
OSSched                  0x800'7a03   0x5c  Code  Gb  os_core.o [1]
OSSchedLock              0x800'7a81   0x42  Code  Gb  os_core.o [1]
OSSchedLockNestingCtr   0x2000'2cd9    0x1  Data  Gb  os_var.o [1]
OSSchedRoundRobinDfltTimeQuanta
                        0x2000'2c84    0x4  Data  Gb  os_var.o [1]
OSSchedRoundRobinEn     0x2000'2cda    0x1  Data  Gb  os_var.o [1]
OSSchedUnlock            0x800'7af5   0x54  Code  Gb  os_core.o [1]
OSSemDbgListPtr         0x2000'2c88    0x4  Data  Gb  os_var.o [1]
OSSemQty                0x2000'2cca    0x2  Data  Gb  os_var.o [1]
OSStart                  0x800'7b51   0x3e  Code  Gb  os_core.o [1]
OSStartHighRdy           0x800'94e1         Code  Gb  os_cpu_a.o [1]
OSTCBCurPtr             0x2000'2cb0    0x4  Data  Gb  os_var.o [1]
OSTCBHighRdyPtr         0x2000'2cb4    0x4  Data  Gb  os_var.o [1]
OSTaskCreate             0x800'675d  0x18e  Code  Gb  os_task.o [1]
OSTaskCreateHook         0x800'866b   0x10  Code  Gb  os_cpu_c.o [1]
OSTaskCtxSwCtr          0x2000'2c8c    0x4  Data  Gb  os_var.o [1]
OSTaskDbgListPtr        0x2000'2c90    0x4  Data  Gb  os_var.o [1]
OSTaskDel                0x800'6901   0xfe  Code  Gb  os_task.o [1]
OSTaskDelHook            0x800'867b   0x10  Code  Gb  os_cpu_c.o [1]
OSTaskQty               0x2000'2ccc    0x2  Data  Gb  os_var.o [1]
OSTaskRegNextAvailID    0x2000'2cdb    0x1  Data  Gb  os_var.o [1]
OSTaskReturnHook         0x800'868b   0x10  Code  Gb  os_cpu_c.o [1]
OSTaskSemPend            0x800'6a4d  0x128  Code  Gb  os_task.o [1]
OSTaskSemPost            0x800'6b7d   0x44  Code  Gb  os_task.o [1]
OSTaskStkInit            0x800'869b   0x68  Code  Gb  os_cpu_c.o [1]
OSTaskSwHook             0x800'8703   0x36  Code  Gb  os_cpu_c.o [1]
OSTickCtr               0x2000'2c94    0x4  Data  Gb  os_var.o [1]
OSTickTaskTCB           0x2000'2754   0xc0  Data  Gb  os_var.o [1]
OSTickTaskTimeMax       0x2000'2c98    0x4  Data  Gb  os_var.o [1]
OSTimeGet                0x800'6705   0x18  Code  Gb  os_time.o [1]
OSTimeTick               0x800'671d   0x30  Code  Gb  os_time.o [1]
OSTimeTickHook           0x800'8739   0x10  Code  Gb  os_cpu_c.o [1]
OSTmrCreate              0x800'7415   0xa8  Code  Gb  os_tmr.o [1]
OSTmrDbgListPtr         0x2000'2c9c    0x4  Data  Gb  os_var.o [1]
OSTmrQty                0x2000'2cce    0x2  Data  Gb  os_var.o [1]
OSTmrStart               0x800'74bd   0x9a  Code  Gb  os_tmr.o [1]
OSTmrTaskTCB            0x2000'2814   0xc0  Data  Gb  os_var.o [1]
OSTmrTaskTimeMax        0x2000'2ca0    0x4  Data  Gb  os_var.o [1]
OSTmrTickCtr            0x2000'2ca4    0x4  Data  Gb  os_var.o [1]
OSTmrUpdateCnt          0x2000'2ca8    0x4  Data  Gb  os_var.o [1]
OSTmrUpdateCtr          0x2000'2cac    0x4  Data  Gb  os_var.o [1]
OS_AppIdleTaskHookPtr   0x2000'2c54    0x4  Data  Gb  os_var.o [1]
OS_AppStatTaskHookPtr   0x2000'2c58    0x4  Data  Gb  os_var.o [1]
OS_AppTaskCreateHookPtr
                        0x2000'2c48    0x4  Data  Gb  os_var.o [1]
OS_AppTaskDelHookPtr    0x2000'2c4c    0x4  Data  Gb  os_var.o [1]
OS_AppTaskReturnHookPtr
                        0x2000'2c50    0x4  Data  Gb  os_var.o [1]
OS_AppTaskSwHookPtr     0x2000'2c5c    0x4  Data  Gb  os_var.o [1]
OS_AppTimeTickHookPtr   0x2000'2c60    0x4  Data  Gb  os_var.o [1]
OS_CPU_ExceptStkBase    0x2000'2c40    0x4  Data  Gb  os_cpu_c.o [1]
OS_CPU_PendSVHandler     0x800'950f         Code  Gb  os_cpu_a.o [1]
OS_CPU_SysTickHandler    0x800'8749   0x1c  Code  Gb  os_cpu_c.o [1]
OS_CPU_SysTickInit       0x800'8765   0x22  Code  Gb  os_cpu_c.o [1]
OS_Dbg_Init              0x800'94dd    0x2  Code  Gb  os_dbg.o [1]
OS_FlagInit              0x800'9189    0xe  Code  Gb  os_flag.o [1]
OS_FlagPost              0x800'9197  0x10a  Code  Gb  os_flag.o [1]
OS_FlagTaskRdy           0x800'92c1   0x40  Code  Gb  os_flag.o [1]
OS_IdleTask              0x800'7b8f   0x18  Code  Gb  os_core.o [1]
OS_IdleTaskInit          0x800'7ba9   0x40  Code  Gb  os_core.o [1]
OS_IntQPost              0x800'87dd   0x9a  Code  Gb  os_int.o [1]
OS_IntQRePost            0x800'8877   0xe6  Code  Gb  os_int.o [1]
OS_IntQTask              0x800'895d   0x58  Code  Gb  os_int.o [1]
OS_IntQTaskInit          0x800'89d9   0xc8  Code  Gb  os_int.o [1]
OS_MemInit               0x800'9301    0xe  Code  Gb  os_mem.o [1]
OS_MsgPoolInit           0x800'8b3d   0x68  Code  Gb  os_msg.o [1]
OS_MsgQFreeAll           0x800'8ba5   0x38  Code  Gb  os_msg.o [1]
OS_MsgQInit              0x800'8bdd   0x10  Code  Gb  os_msg.o [1]
OS_MsgQPut               0x800'8bed   0x8e  Code  Gb  os_msg.o [1]
OS_MutexInit             0x800'9319    0xe  Code  Gb  os_mutex.o [1]
OS_Pend                  0x800'7c15   0x50  Code  Gb  os_core.o [1]
OS_PendDataInit          0x800'7c75   0x2e  Code  Gb  os_core.o [1]
OS_PendDbgNameAdd        0x800'7ca5   0x3c  Code  Gb  os_core.o [1]
OS_PendDbgNameRemove     0x800'7cf5   0x18  Code  Gb  os_core.o [1]
OS_PendListInsertPrio    0x800'7d45   0x68  Code  Gb  os_core.o [1]
OS_PendListRemove        0x800'7dad   0x28  Code  Gb  os_core.o [1]
OS_PendListRemove1       0x800'7dd5   0x3c  Code  Gb  os_core.o [1]
OS_Post                  0x800'7e11   0xa8  Code  Gb  os_core.o [1]
OS_Post1                 0x800'7eb9   0x26  Code  Gb  os_core.o [1]
OS_PrioGetHighest        0x800'8ca7   0x1e  Code  Gb  os_prio.o [1]
OS_PrioInit              0x800'8c95   0x12  Code  Gb  os_prio.o [1]
OS_PrioInsert            0x800'8cc5   0x22  Code  Gb  os_prio.o [1]
OS_PrioRemove            0x800'8ce7   0x22  Code  Gb  os_prio.o [1]
OS_QInit                 0x800'9331    0xe  Code  Gb  os_q.o [1]
OS_QPost                 0x800'9341   0xc6  Code  Gb  os_q.o [1]
OS_RdyListInit           0x800'7edf   0x2c  Code  Gb  os_core.o [1]
OS_RdyListInsert         0x800'7f0b   0x28  Code  Gb  os_core.o [1]
OS_RdyListInsertHead     0x800'7f33   0x36  Code  Gb  os_core.o [1]
OS_RdyListInsertTail     0x800'7f69   0x34  Code  Gb  os_core.o [1]
OS_RdyListMoveHeadToTail
                         0x800'7f9d   0x3e  Code  Gb  os_core.o [1]
OS_RdyListRemove         0x800'7fdb   0x58  Code  Gb  os_core.o [1]
OS_Sched0                0x800'8033   0x30  Code  Gb  os_core.o [1]
OS_SchedRoundRobin       0x800'8063   0x5c  Code  Gb  os_core.o [1]
OS_SemInit               0x800'9419    0xe  Code  Gb  os_sem.o [1]
OS_SemPost               0x800'9429   0xa4  Code  Gb  os_sem.o [1]
OS_TaskBlock             0x800'80e9   0x36  Code  Gb  os_core.o [1]
OS_TaskDbgListAdd        0x800'6bdd   0x24  Code  Gb  os_task.o [1]
OS_TaskDbgListRemove     0x800'6c01   0x3a  Code  Gb  os_task.o [1]
OS_TaskInit              0x800'6c3b   0x14  Code  Gb  os_task.o [1]
OS_TaskInitTCB           0x800'6c55   0xa4  Code  Gb  os_task.o [1]
OS_TaskQPost             0x800'6d05   0xda  Code  Gb  os_task.o [1]
OS_TaskRdy               0x800'811f   0x18  Code  Gb  os_core.o [1]
OS_TaskResume            0x800'6de1   0xb6  Code  Gb  os_task.o [1]
OS_TaskReturn            0x800'6e99   0x14  Code  Gb  os_task.o [1]
OS_TaskSemPost           0x800'6eb9  0x112  Code  Gb  os_task.o [1]
OS_TaskSuspend           0x800'6fdd   0xcc  Code  Gb  os_task.o [1]
OS_TickListInit          0x800'8db1   0x28  Code  Gb  os_tick.o [1]
OS_TickListInsert        0x800'8dd9   0xee  Code  Gb  os_tick.o [1]
OS_TickListRemove        0x800'8ec7   0x3c  Code  Gb  os_tick.o [1]
OS_TickListUpdate        0x800'8f3d  0x14e  Code  Gb  os_tick.o [1]
OS_TickTask              0x800'8d0d   0x24  Code  Gb  os_tick.o [1]
OS_TickTaskInit          0x800'8d31   0x6c  Code  Gb  os_tick.o [1]
OS_TmrDbgListAdd         0x800'7585   0x1a  Code  Gb  os_tmr.o [1]
OS_TmrInit               0x800'75a9   0xb4  Code  Gb  os_tmr.o [1]
OS_TmrLink               0x800'765d   0xb4  Code  Gb  os_tmr.o [1]
OS_TmrTask               0x800'7759   0x78  Code  Gb  os_tmr.o [1]
OS_TmrUnlink             0x800'7711   0x48  Code  Gb  os_tmr.o [1]
OilAddValue             0x2000'00f0    0x4  Data  Gb  Filter.o [1]
OilState                0x2000'00cc    0x1  Data  Gb  Filter.o [1]
OilSubValue             0x2000'00f4    0x4  Data  Gb  Filter.o [1]
Onlineflg               0x2000'2cd0    0x1  Data  Gb  AT24cxx.o [1]
PCap_Enable              0x800'9b63   0x12  Code  Gb  PCap.o [1]
PCap_Init                0x800'9d07   0x64  Code  Gb  PCap.o [1]
PCap_MEASURE             0x800'9b51   0x12  Code  Gb  PCap.o [1]
PCap_PTL_Reset           0x800'9b3f   0x12  Code  Gb  PCap.o [1]
PCap_Reg_Config          0x800'9be1   0x22  Code  Gb  PCap.o [1]
PCap_Res_Stau            0x800'9c73   0x1c  Code  Gb  PCap.o [1]
PCap_Res_Value           0x800'9c59   0x1a  Code  Gb  PCap.o [1]
PCap_Reset               0x800'9b2d   0x12  Code  Gb  PCap.o [1]
PCap_SPI_Init            0x800'9c99   0x6e  Code  Gb  PCap.o [1]
PCap_Status             0x2000'2cb8    0x4  Data  Gb  PCap.o [1]
PCap_WR_SRAM             0x800'9b79   0x68  Code  Gb  PCap.o [1]
PVD_Config               0x800'9859   0x44  Code  Gb  bsp.o [1]
PVD_IRQHandler           0x800'97cb   0x8e  Code  Gb  bsp.o [1]
PWR_PVDCmd               0x800'9973   0x18  Code  Gb  stm32f0xx_pwr.o [1]
PWR_PVDLevelConfig       0x800'9965    0xe  Code  Gb  stm32f0xx_pwr.o [1]
ProductPara             0x2000'137c   0x90  Data  Gb  AT24cxx.o [1]
Pvd_Cnt                 0x2000'00c1    0x1  Data  Gb  Filter.o [1]
RCC_ADCCLKConfig         0x800'70c1   0x24  Code  Gb  stm32f0xx_rcc.o [1]
RCC_AHBPeriphClockCmd    0x800'7225   0x14  Code  Gb  stm32f0xx_rcc.o [1]
RCC_APB1PeriphClockCmd   0x800'724f   0x14  Code  Gb  stm32f0xx_rcc.o [1]
RCC_APB1PeriphResetCmd   0x800'7277   0x14  Code  Gb  stm32f0xx_rcc.o [1]
RCC_APB2PeriphClockCmd   0x800'723b   0x14  Code  Gb  stm32f0xx_rcc.o [1]
RCC_APB2PeriphResetCmd   0x800'7263   0x14  Code  Gb  stm32f0xx_rcc.o [1]
RCC_GetClocksFreq        0x800'70e5  0x13c  Code  Gb  stm32f0xx_rcc.o [1]
REG                      0x800'9c04   0x54  Data  Gb  PCap.o [1]
Rd_Dev_Param             0x800'5cbd  0x354  Code  Gb  AT24cxx.o [1]
Read_Add_Sub_FLag       0x2000'2c29    0x1  Data  Gb  modbus.o [1]
Read_CALIBAndHeighTable
                         0x800'3141   0x8e  Code  Gb  modbus.o [1]
Region$$Table$$Base      0x800'b73c          --   Gb  - Linker created -
Region$$Table$$Limit     0x800'b75c          --   Gb  - Linker created -
RunVar                  0x2000'1864   0x4c  Data  Gb  AT24cxx.o [1]
RunVar_Init              0x800'97b9   0x12  Code  Gb  bsp.o [1]
SPI_Disable              0x800'99cd   0x16  Code  Gb  PCap.o [1]
SPI_Enable               0x800'99a3   0x2a  Code  Gb  PCap.o [1]
SRAM_DATA                0x800'9e14  0x3b0  Data  Gb  PCap.o [1]
SYSCFG_MemoryRemapConfig
                         0x800'b4f1    0xe  Code  Gb  stm32f0xx_syscfg.o [1]
SecFilStr               0x2000'2b6c   0x30  Data  Gb  Filter.o [1]
SendBuf                 0x2000'2a7c   0x50  Data  Gb  modbus.o [1]
SendLen                 0x2000'2c28    0x1  Data  Gb  modbus.o [1]
SensorSoftVersion        0x800'607c    0x8  Data  Gb  AT24cxx.o [1]
SetSysClock              0x800'b553   0x3a  Code  Lc  system_stm32f0xx.o [1]
SortArrayExtreme         0x800'6091   0x5a  Code  Gb  algorithm.o [1]
Start10s                0x2000'00c2    0x1  Data  Gb  Filter.o [1]
SubState                0x2000'00ce    0x1  Data  Gb  Filter.o [1]
Sub_Finish_Flag         0x2000'00c5    0x1  Data  Gb  Filter.o [1]
Switch_Fiter             0x800'5b11   0x30  Code  Gb  AT24cxx.o [1]
SystemInit               0x800'b505   0x4e  Code  Gb  system_stm32f0xx.o [1]
TIM3_IRQHandler          0x800'a291   0x9e  Code  Gb  Filter.o [1]
TIM_ClearITPendingBit    0x800'a28b    0x6  Code  Gb  stm32f0xx_tim.o [1]
TIM_Cmd                  0x800'a223   0x16  Code  Gb  stm32f0xx_tim.o [1]
TIM_GetITStatus          0x800'a273   0x18  Code  Gb  stm32f0xx_tim.o [1]
TIM_ITConfig             0x800'a261   0x12  Code  Gb  stm32f0xx_tim.o [1]
TIM_SetCounter           0x800'a21f    0x4  Code  Gb  stm32f0xx_tim.o [1]
TIM_TimeBaseInit         0x800'a1c5   0x5a  Code  Gb  stm32f0xx_tim.o [1]
TMR_LED_Double_Light    0x2000'2b38   0x34  Data  Gb  led.o [1]
TMR_LED_Short_Light     0x2000'2b04   0x34  Data  Gb  led.o [1]
Temperature_Init         0x800'ae5f    0xc  Code  Gb  MEMS.o [1]
TimeCnt                 0x2000'00ca    0x1  Data  Gb  Filter.o [1]
Timer3_Init              0x800'a32f   0x72  Code  Gb  Filter.o [1]
UART1_IRQService         0x800'65fb   0x86  Code  Gb  usart.o [1]
UART1_Init               0x800'6489  0x172  Code  Gb  usart.o [1]
UART1_RXBuff            0x2000'236c   0xd4  Data  Gb  usart.o [1]
UART1_RXBuffLen         0x2000'2c30    0x1  Data  Gb  usart.o [1]
UART1_SendData           0x800'668d   0x5a  Code  Gb  usart.o [1]
UART1_TXBUFF            0x2000'2440   0xd4  Data  Gb  usart.o [1]
USART_ClearFlag          0x800'844d    0x4  Code  Gb  stm32f0xx_usart.o [1]
USART_ClearITPendingBit
                         0x800'8495    0xa  Code  Gb  stm32f0xx_usart.o [1]
USART_Cmd                0x800'83cb   0x16  Code  Gb  stm32f0xx_usart.o [1]
USART_DeInit             0x800'82b1   0x72  Code  Gb  stm32f0xx_usart.o [1]
USART_GetFlagStatus      0x800'843f    0xe  Code  Gb  stm32f0xx_usart.o [1]
USART_GetITStatus        0x800'8451   0x44  Code  Gb  stm32f0xx_usart.o [1]
USART_ITConfig           0x800'8411   0x2e  Code  Gb  stm32f0xx_usart.o [1]
USART_Init               0x800'8323   0xa8  Code  Gb  stm32f0xx_usart.o [1]
USART_ReceiveData        0x800'83e9    0x8  Code  Gb  stm32f0xx_usart.o [1]
USART_SendData           0x800'83e1    0x8  Code  Gb  stm32f0xx_usart.o [1]
UartComm                0x2000'18b0    0x8  Data  Gb  AT24cxx.o [1]
UartRecvFrameOK         0x2000'2c34    0x1  Data  Gb  usart.o [1]
UartRecvNewData         0x2000'2c33    0x1  Data  Gb  usart.o [1]
UpCnt                   0x2000'00c7    0x1  Data  Gb  Filter.o [1]
UserParam               0x2000'1018  0x364  Data  Gb  AT24cxx.o [1]
User_Default_Param       0x800'b644   0x58  Data  Gb  AT24cxx.o [1]
VectorTable             0x2000'0000   0xc0  Data  Gb  main.o [1]
WaCnt                   0x2000'00c9    0x1  Data  Gb  Filter.o [1]
Write_CALIBAndHeighTable
                         0x800'3751  0x224  Code  Gb  modbus.o [1]
__ICFEDIT_region_RAM_end__ {Abs}
                        0x2000'3fff         Data  Gb  <internal module>
__ICFEDIT_region_RAM_start__ {Abs}
                        0x2000'0000         Data  Gb  <internal module>
__NVIC_SystemReset       0x800'30c1   0x12  Code  Lc  modbus.o [1]
__NVIC_SystemReset       0x800'9991   0x12  Code  Lc  PCap.o [1]
__aeabi_cfcmple          0x800'5851         Code  Gb  FltCmpLe.o [3]
__aeabi_cfrcmple         0x800'ad2d         Code  Gb  FltCmpGe.o [3]
__aeabi_d2f              0x800'b23f         Code  Gb  DblToFlt.o [3]
__aeabi_d2iz             0x800'5715         Code  Gb  DblToI32.o [3]
__aeabi_d2uiz            0x800'5739         Code  Gb  DblToI32.o [3]
__aeabi_dadd             0x800'53e7         Code  Gb  DblAddSub.o [3]
__aeabi_ddiv             0x800'b17d         Code  Gb  DblDiv.o [3]
__aeabi_dmul             0x800'558f         Code  Gb  DblMul.o [3]
__aeabi_f2d              0x800'53b5         Code  Gb  FltToDbl.o [3]
__aeabi_f2iz             0x800'6271         Code  Gb  FltToS32.o [3]
__aeabi_f2uiz            0x800'538d         Code  Gb  FltToU32.o [3]
__aeabi_fadd             0x800'6369         Code  Gb  FltAddSub.o [3]
__aeabi_fdiv             0x800'57a7         Code  Gb  FltDiv.o [3]
__aeabi_fmul             0x800'52dd         Code  Gb  FltMul.o [3]
__aeabi_fsub             0x800'63d9         Code  Gb  FltAddSub.o [3]
__aeabi_i2f              0x800'5791         Code  Gb  IxxToFlt.o [3]
__aeabi_idiv             0x800'90d5         Code  Gb  I32DivModFast.o [4]
__aeabi_idiv0            0x800'9755         Code  Gb  IntDivZer.o [4]
__aeabi_idivmod          0x800'90d5         Code  Gb  I32DivModFast.o [4]
__aeabi_ldiv0            0x800'957d         Code  Gb  I64DivZer.o [4]
__aeabi_memcpy           0x800'8139         Code  Gb  ABImemcpy.o [4]
__aeabi_ui2d             0x800'ad55         Code  Gb  IxxToDbl.o [3]
__aeabi_ui2f             0x800'5771         Code  Gb  IxxToFlt.o [3]
__aeabi_uidiv            0x800'90db         Code  Gb  I32DivModFast.o [4]
__aeabi_uidivmod         0x800'90db         Code  Gb  I32DivModFast.o [4]
__aeabi_uldivmod         0x800'8195         Code  Gb  I64DivMod.o [4]
__cmain                  0x800'b75d         Code  Gb  cmain.o [4]
__exit                   0x800'b795   0x14  Code  Gb  exit.o [5]
__iar_d2uiz              0x800'573d         Code  Gb  DblToI32.o [3]
__iar_data_init3         0x800'b715   0x28  Code  Gb  data_init.o [4]
__iar_packbits_init_single3
                         0x800'b6d9   0x3c  Code  Gb  packbits_init_single.o [4]
__iar_program_start      0x800'b7a9         Code  Gb  cstartup_M.o [4]
__iar_zero_init3         0x800'b69d   0x3c  Code  Gb  zero_init3.o [4]
__low_level_init         0x800'b77b    0x4  Code  Gb  low_level_init.o [2]
__vector_table           0x800'3000   0xc0  Data  Gb  cstartup.o [1]
_call_main               0x800'b769         Code  Gb  cmain.o [4]
_exit                    0x800'b789         Code  Gb  cexit.o [4]
_main                    0x800'b777         Code  Gb  cmain.o [4]
abs                      0x800'5767    0x8  Code  Gb  abs.o [2]
cyAsciiBuff             0x2000'2298   0xd4  Data  Gb  modbus_ascii.o [1]
dwEepromHeightADValue   0x2000'2be4    0x4  Data  Gb  modbus.o [1]
dwEepromOilValue        0x2000'2be8    0x4  Data  Gb  modbus.o [1]
dwEepromOilValueMax     0x2000'2c2c    0x4  Data  Gb  modbus.o [1]
dwOilOutFifo            0x2000'2b9c   0x28  Data  Gb  modbus.o [1]
dwTable_k               0x2000'2bf8    0x4  Data  Gb  modbus.o [1]
dwTankOilValue          0x2000'2bf4    0x4  Data  Gb  modbus.o [1]
dwUpEepromHeightADValue
                        0x2000'2bec    0x4  Data  Gb  modbus.o [1]
dwUpEepromOilValue      0x2000'2bf0    0x4  Data  Gb  modbus.o [1]
exit                     0x800'b77f    0x8  Code  Gb  exit.o [2]
floatToHexArray          0x800'616d   0x1e  Code  Gb  algorithm.o [1]
g_cyRevBufffLen         0x2000'2cd3    0x1  Data  Lc  modbus_ascii.o [1]
get_divisor              0x800'61f5   0x1c  Code  Gb  algorithm.o [1]
get_slop                 0x800'6211   0x5a  Code  Gb  algorithm.o [1]
l_flag                  0x2000'00d1    0x1  Data  Gb  Filter.o [1]
main                     0x800'b2cd   0x66  Code  Gb  main.o [1]
memcpy                   0x800'6085    0xc  Code  Gb  memcpy.o [4]
multi_sum                0x800'61d1   0x24  Code  Gb  algorithm.o [1]
pvd_temp                0x2000'00d4    0x4  Data  Gb  Filter.o [1]
resetPcap                0x800'9d6b   0x92  Code  Gb  PCap.o [1]
resetPcap::ucResetCnt   0x2000'2cdc    0x1  Data  Lc  PCap.o [1]
spi_read24               0x800'9ae3   0x4a  Code  Gb  PCap.o [1]
spi_read8                0x800'9a97   0x4c  Code  Gb  PCap.o [1]
spi_send_0               0x800'99e3   0x2a  Code  Gb  PCap.o [1]
spi_send_1               0x800'9a0d   0x2a  Code  Gb  PCap.o [1]
spi_write16              0x800'9a57   0x20  Code  Gb  PCap.o [1]
spi_write32              0x800'9a77   0x20  Code  Gb  PCap.o [1]
spi_write8               0x800'9a37   0x20  Code  Gb  PCap.o [1]
square_sum               0x800'61af   0x22  Code  Gb  algorithm.o [1]
sum                      0x800'618b   0x24  Code  Gb  algorithm.o [1]
timecnt                 0x2000'00d0    0x1  Data  Gb  Filter.o [1]
u60sFilter              0x2000'21a8   0xf0  Data  Gb  Filter.o [1]
u60sFilterBak           0x2000'0100   0xf0  Data  Gb  Filter.o [1]
u8SendIndex             0x2000'2c31    0x1  Data  Gb  usart.o [1]
u8SendNum               0x2000'2c32    0x1  Data  Gb  usart.o [1]
ulLedStatue             0x2000'2c3c    0x4  Data  Gb  led.o [1]
ulWritePCAPXramErr      0x2000'2cbc    0x4  Data  Gb  PCap.o [1]
usADC1ConvertedValue    0x2000'28d4   0xa0  Data  Gb  MEMS.o [1]
usADC1Value             0x2000'1c8c   0xa0  Data  Gb  MEMS.o [1]
usFilterBuf             0x2000'1d2c   0x3c  Data  Gb  MEMS.o [1]
xAxis                   0x2000'01f0    0xc  Data  Gb  Filter.o [1]
yAxis                   0x2000'00dc    0xc  Data  Gb  Filter.o [1]


[1] = F:\信为产品\01 -  电容\SCap_Car(F3协议)\Project\Debug\Obj
[2] = dl6M_tln.a
[3] = m6M_tl.a
[4] = rt6M_tl.a
[5] = shb_l.a

  34 336 bytes of readonly  code memory
     445 bytes of readonly  data memory
  13 339 bytes of readwrite data memory (+ 192 absolute)

Errors: none
Warnings: none
